// Jest Snapshot v1, https://goo.gl/fbAQLP

exports[`RenderTableData component should render banner text correctly with given array 1`] = `ShallowWrapper {}`;

exports[`RenderTableData component should render correctly with given array 1`] = `ShallowWrapper {}`;

exports[`RenderTableData component should render correctly with no props 1`] = `ShallowWrapper {}`;
